Name                                                                                  Stmts   Miss  Cover   Missing
-------------------------------------------------------------------------------------------------------------------
accounts\__init__.py                                                                      0      0   100%
accounts\admin.py                                                                        17      0   100%
accounts\apps.py                                                                          4      0   100%
accounts\management\__init__.py                                                           0      0   100%
accounts\management\commands\__init__.py                                                  0      0   100%
accounts\management\commands\create_admin_account.py                                     38     38     0%   1-58
accounts\management\commands\create_student_starter_data.py                              50     50     0%   1-144
accounts\management\commands\seed_admin_notifications.py                                 48     48     0%   1-111
accounts\management\commands\seed_synthetic_data.py                                     190    190     0%   1-464
accounts\migrations\0001_initial.py                                                      11      0   100%
accounts\migrations\0002_alter_user_managers_remove_user_username.py                      4      0   100%
accounts\migrations\0003_alter_user_role.py                                               6      0   100%
accounts\migrations\0004_usersettings.py                                                  7      0   100%
accounts\migrations\0005_alter_user_role.py                                               5      0   100%
accounts\migrations\0006_usersettings_login_alerts.py                                     4      0   100%
accounts\migrations\0007_user_profile_picture.py                                          5      0   100%
accounts\migrations\0008_user_institution_name.py                                         4      0   100%
accounts\migrations\0009_user_institution_email.py                                        4      0   100%
accounts\migrations\0010_student_academic_supervisor.py                                   5      0   100%
accounts\migrations\0011_remove_student_academic_supervisor.py                            4      0   100%
accounts\migrations\__init__.py                                                           0      0   100%
accounts\models.py                                                                       86     13    85%   12, 20-29, 36, 46, 76, 88, 104, 121
accounts\serializers.py                                                                 270     87    68%   17, 59, 72-73, 83-84, 90-95, 112-113, 121-122, 130-131, 142, 151, 156, 177-178, 189, 204, 250, 261-273, 276-279, 282-314, 317-332, 343-375
accounts\tests.py                                                                       172      6    97%   389-408
accounts\tests_assignment.py                                                             39      5    87%   73-79
accounts\urls.py                                                                         10      0   100%
accounts\views.py                                                                       352    108    69%   32, 59-60, 70, 74-75, 112-114, 132-134, 143-146, 161, 164, 169, 174, 195-196, 219, 222, 229-230, 264-265, 289-290, 298, 306, 313-315, 332, 356-358, 371, 374, 379, 386-405, 410-433, 440, 444-445, 487, 490, 493, 503-504, 519-548, 566, 570-571, 577-583, 595-604
dashboards\__init__.py                                                                    0      0   100%
dashboards\admin.py                                                                      13      0   100%
dashboards\apps.py                                                                        4      0   100%
dashboards\migrations\0001_initial.py                                                     7      0   100%
dashboards\migrations\0002_historicaldashboardmetric_and_more.py                          9      0   100%
dashboards\migrations\__init__.py                                                         0      0   100%
dashboards\models.py                                                                     24      3    88%   63, 70-71
dashboards\permissions.py                                                                32     32     0%   1-56
dashboards\serializers.py                                                                25      0   100%
dashboards\tests.py                                                                       1      0   100%
dashboards\urls.py                                                                        6      0   100%
dashboards\views.py                                                                     152    117    23%   39-159, 168-344, 353-383, 388-393, 407-426, 434-484
evaluations\__init__.py                                                                   0      0   100%
evaluations\admin.py                                                                     14      0   100%
evaluations\apps.py                                                                       4      0   100%
evaluations\management\__init__.py                                                        0      0   100%
evaluations\management\commands\__init__.py                                               0      0   100%
evaluations\management\commands\populate_evaluations.py                                  85     85     0%   1-208
evaluations\management\commands\seed_academic_dashboard.py                               79     79     0%   1-196
evaluations\migrations\0001_initial.py                                                    8      0   100%
evaluations\migrations\__init__.py                                                        0      0   100%
evaluations\models.py                                                                    42      4    90%   16, 29, 42, 55
evaluations\serializers.py                                                               22      0   100%
evaluations\tests.py                                                                      1      0   100%
evaluations\urls.py                                                                       9      0   100%
evaluations\views.py                                                                    278    220    21%   14-19, 23-27, 31-39, 43-72, 76-112, 130-142, 145-155, 158-159, 162-163, 166-167, 170-171, 180-183, 186-193, 196-225, 228-238, 241-242, 245-246, 249-250, 253-254, 257-258, 262-269, 281-284, 287-294, 297-326, 329-330, 333-334, 337-338, 341-342, 345-346, 349-354, 363-392
iles\__init__.py                                                                          0      0   100%
iles\asgi.py                                                                              4      4     0%   10-16
iles\settings.py                                                                         56      6    89%   40, 79, 105-106, 158, 218
iles\urls.py                                                                              8      1    88%   41
iles\wsgi.py                                                                              4      4     0%   10-16
logbooks\__init__.py                                                                      0      0   100%
logbooks\admin.py                                                                         8      0   100%
logbooks\apps.py                                                                          6      0   100%
logbooks\management\__init__.py                                                           0      0   100%
logbooks\management\commands\process_scheduled_logs.py                                   18      0   100%
logbooks\migrations\0001_initial.py                                                       8      0   100%
logbooks\migrations\0002_logattachment_file_and_optional_url.py                           4      0   100%
logbooks\migrations\0003_weeklylog_scheduled_submission_at_and_status.py                  4      0   100%
logbooks\migrations\0004_finalreport.py                                                   7      0   100%
logbooks\migrations\__init__.py                                                           0      0   100%
logbooks\models.py                                                                       41      3    93%   35, 47, 65
logbooks\serializers.py                                                                  21      5    76%   15-26
logbooks\signals.py                                                                      18      1    94%   38
logbooks\test_final_reports.py                                                           49      0   100%
logbooks\tests.py                                                                        63      0   100%
logbooks\urls.py                                                                          8      0   100%
logbooks\views.py                                                                       243    129    47%   24-27, 32, 35, 38-41, 44-58, 61-65, 72-90, 93-97, 124, 129, 134-147, 150-153, 162-163, 166-169, 172-175, 178-181, 200, 209, 216-217, 223, 226, 242-250, 254-262, 266-274, 284-311, 326, 334, 338-341, 346-349, 357, 361
manage.py                                                                                11      2    82%   12-13
notifications\__init__.py                                                                 0      0   100%
notifications\admin.py                                                                    8      0   100%
notifications\apps.py                                                                     6      0   100%
notifications\migrations\0001_initial.py                                                  9      0   100%
notifications\migrations\0002_add_logreview_reference.py                                  5      0   100%
notifications\migrations\0003_add_log_reference.py                                        5      0   100%
notifications\migrations\0004_admin_notification_details.py                               4      0   100%
notifications\migrations\0005_pushsubscription.py                                         8      0   100%
notifications\migrations\0006_alter_notification_notification_type_loginhistory.py        8      0   100%
notifications\migrations\0007_alter_loginhistory_city_alter_loginhistory_country.py       4      0   100%
notifications\migrations\0008_alter_notification_notification_type.py                     4      0   100%
notifications\migrations\__init__.py                                                      0      0   100%
notifications\models.py                                                                  56      4    93%   39, 51, 67, 94
notifications\serializers.py                                                             47     16    66%   19-29, 33-48, 51-59, 63-65, 68-70
notifications\signals.py                                                                 51      9    82%   39, 42, 89-90, 95-112
notifications\tests.py                                                                   47      0   100%
notifications\urls.py                                                                     9      0   100%
notifications\utils.py                                                                   54     18    67%   18, 30, 32, 75, 106-130, 151
notifications\views.py                                                                  120     68    43%   29, 34-35, 40-41, 44-45, 48-62, 77-121, 126-197, 213, 216, 227, 232-234
organizations\__init__.py                                                                 0      0   100%
organizations\admin.py                                                                    5      0   100%
organizations\apps.py                                                                     6      0   100%
organizations\migrations\0001_initial.py                                                  6      0   100%
organizations\migrations\__init__.py                                                      0      0   100%
organizations\models.py                                                                  13      1    92%   16
organizations\serializers.py                                                              6      0   100%
organizations\signals.py                                                                 12      2    83%   12, 16
organizations\tests.py                                                                    1      0   100%
organizations\urls.py                                                                     6      0   100%
organizations\views.py                                                                    8      0   100%
placements\__init__.py                                                                    0      0   100%
placements\admin.py                                                                       8      0   100%
placements\apps.py                                                                        4      0   100%
placements\migrations\0001_initial.py                                                     8      0   100%
placements\migrations\0002_internshipplacement_is_submitted_and_more.py                   4      0   100%
placements\migrations\__init__.py                                                         0      0   100%
placements\models.py                                                                     31      2    94%   31, 48
placements\serializers.py                                                                97     31    68%   60-61, 72-80, 87, 98-110, 114, 120, 127-146, 153, 161-167
placements\tests.py                                                                      47      8    83%   93-100
placements\urls.py                                                                        7      0   100%
placements\utils.py                                                                      73     30    59%   11, 20-21, 24-57, 92-93, 98-99, 117-120
placements\views.py                                                                     104     56    46%   21, 26, 32-51, 55-63, 69, 79-91, 95-107, 118, 123, 128-147, 150-152
reviews\__init__.py                                                                       0      0   100%
reviews\admin.py                                                                          8      0   100%
reviews\apps.py                                                                           6      0   100%
reviews\migrations\0001_initial.py                                                        9      0   100%
reviews\migrations\__init__.py                                                            0      0   100%
reviews\models.py                                                                        26      2    92%   24, 37
reviews\serializers.py                                                                   16      0   100%
reviews\signals.py                                                                       11      5    55%   13-21
reviews\tests.py                                                                          1      0   100%
reviews\urls.py                                                                           7      0   100%
reviews\views.py                                                                        151    117    23%   19-22, 25-26, 29-30, 33-34, 37-43, 46-52, 55-56, 59-84, 87-100, 110-128, 132-150, 154-174, 183-217
test_utils.py                                                                             6      0   100%
-------------------------------------------------------------------------------------------------------------------
TOTAL                                                                                  3863   1609    58%
